---
source: crates/jinja/minijinja/tests/test_parser.rs
description: "{{ foo is even }}\n{{ foo is not even }}\n{{ not foo is even }}"
input_file: crates/jinja/minijinja/tests/parser-inputs/test.txt
snapshot_kind: text
---
Ok(
    Template {
        children: [
            EmitExpr {
                expr: Test {
                    name: "even",
                    expr: Var {
                        id: "foo",
                    } @ 1:4-1:7,
                    args: [],
                } @ 1:1-1:18,
            } @ 1:1-1:18,
            EmitRaw {
                raw: "\n",
            } @ 1:18-2:1,
            EmitExpr {
                expr: UnaryOp {
                    op: Not,
                    expr: Test {
                        name: "even",
                        expr: Var {
                            id: "foo",
                        } @ 2:4-2:7,
                        args: [],
                    } @ 2:15-2:19,
                } @ 2:1-2:22,
            } @ 2:1-2:22,
            EmitRaw {
                raw: "\n",
            } @ 2:22-3:1,
            EmitExpr {
                expr: UnaryOp {
                    op: Not,
                    expr: Test {
                        name: "even",
                        expr: Var {
                            id: "foo",
                        } @ 3:8-3:11,
                        args: [],
                    } @ 3:15-3:19,
                } @ 3:1-3:22,
            } @ 3:1-3:22,
        ],
    } @ 0:0-3:22,
)
