---
source: crates/dbt-jinja/minijinja/tests/test_parser.rs
description: "{% set variable = value %}\n{% set (a, b) = (1, 2) %}\n{% set variable2 %}\n    this is the {{ body }}\n{% endset %}\n{% set variable3 | upper %}\n    this is the {{ body }} with filter\n{% endset %}"
input_file: crates/dbt-jinja/minijinja/tests/parser-inputs/set.txt
---
Ok(
    Template {
        children: [
            Set {
                target: Var {
                    id: "variable",
                } @ 1:8-1:16,
                expr: Var {
                    id: "value",
                } @ 1:19-1:24,
            } @ 1:1-1:27,
            EmitRaw {
                raw: "\n",
            } @ 1:27-2:1,
            Set {
                target: List {
                    items: [
                        Var {
                            id: "a",
                        } @ 2:9-2:10,
                        Var {
                            id: "b",
                        } @ 2:12-2:13,
                    ],
                } @ 2:9-2:13,
                expr: Tuple {
                    items: [
                        Const {
                            value: 1,
                        } @ 2:18-2:19,
                        Const {
                            value: 2,
                        } @ 2:21-2:22,
                    ],
                } @ 2:17-2:23,
            } @ 2:1-2:26,
            EmitRaw {
                raw: "\n",
            } @ 2:26-3:1,
            SetBlock {
                target: Var {
                    id: "variable2",
                } @ 3:8-3:17,
                filter: None,
                body: [
                    EmitRaw {
                        raw: "\n    this is the ",
                    } @ 3:20-4:17,
                    EmitExpr {
                        expr: Var {
                            id: "body",
                        } @ 4:17-4:27,
                    } @ 4:17-4:27,
                    EmitRaw {
                        raw: "\n",
                    } @ 4:27-5:1,
                ],
            } @ 3:1-5:13,
            EmitRaw {
                raw: "\n",
            } @ 5:13-6:1,
            SetBlock {
                target: Var {
                    id: "variable3",
                } @ 6:8-6:17,
                filter: Some(
                    Filter {
                        name: "upper",
                        expr: None,
                        args: [],
                    } @ 6:20-6:25,
                ),
                body: [
                    EmitRaw {
                        raw: "\n    this is the ",
                    } @ 6:28-7:17,
                    EmitExpr {
                        expr: Var {
                            id: "body",
                        } @ 7:17-7:27,
                    } @ 7:17-7:27,
                    EmitRaw {
                        raw: " with filter\n",
                    } @ 7:27-8:1,
                ],
            } @ 6:1-8:13,
        ],
    } @ 0:0-8:13,
)
