---
source: fs/sa/crates/dbt-jinja/minijinja/tests/test_parser.rs
description: "{{ [1, 2, 3] }}\n{{ (1, 2, 3) }}\n{{ (1,) }}\n{{ () }}\n{{ 1, 2 }}\n{{ 1, }}\n{{ (1, 2, 3,) }}                 {# trailing comma after last element #}\n{{ ( (1, 2), (3, 4) ) }}         {# tuple of two 2‑tuples #}\n{{ (\"a\", 42, true) }}            {# mixed types: str, int, bool #}\n{{ (1 + 2, 3 * 4) }}             {# tuple elements can be any expression #}\n{{ ((1,),) }}                    {# outer tuple containing a *singleton* tuple #}\n{{ [ (1, 2), () ] }}             {# list that contains two tuples #}\n{{ ('nested', ('tuple', 123), []) }}  {# deeply‑nested structures #}\n{{ (1,\n     2,\n     3) }}                       {# line‑breaks and extra whitespace #}\n{{ (1 ,\n   2 , 3 , ) }}                 {# whitespace variants + trailing comma #}\n{{ ((), ((),), (((),),),) }}     {# crazy nesting to stress the parser #}"
input_file: fs/sa/crates/dbt-jinja/minijinja/tests/parser-inputs/tuples.txt
---
Ok(
    Template {
        children: [
            EmitExpr {
                expr: List {
                    items: [
                        Const {
                            value: 1,
                        } @ 1:5-1:6,
                        Const {
                            value: 2,
                        } @ 1:8-1:9,
                        Const {
                            value: 3,
                        } @ 1:11-1:12,
                    ],
                } @ 1:1-1:16,
            } @ 1:1-1:16,
            EmitRaw {
                raw: "\n",
            } @ 1:16-2:1,
            EmitExpr {
                expr: Tuple {
                    items: [
                        Const {
                            value: 1,
                        } @ 2:5-2:6,
                        Const {
                            value: 2,
                        } @ 2:8-2:9,
                        Const {
                            value: 3,
                        } @ 2:11-2:12,
                    ],
                } @ 2:1-2:16,
            } @ 2:1-2:16,
            EmitRaw {
                raw: "\n",
            } @ 2:16-3:1,
            EmitExpr {
                expr: Tuple {
                    items: [
                        Const {
                            value: 1,
                        } @ 3:5-3:6,
                    ],
                } @ 3:1-3:11,
            } @ 3:1-3:11,
            EmitRaw {
                raw: "\n",
            } @ 3:11-4:1,
            EmitExpr {
                expr: Tuple {
                    items: [],
                } @ 4:1-4:9,
            } @ 4:1-4:9,
            EmitRaw {
                raw: "\n",
            } @ 4:9-5:1,
            EmitExpr {
                expr: Tuple {
                    items: [
                        Const {
                            value: 1,
                        } @ 5:4-5:5,
                        Const {
                            value: 2,
                        } @ 5:7-5:8,
                    ],
                } @ 5:1-5:11,
            } @ 5:1-5:11,
            EmitRaw {
                raw: "\n",
            } @ 5:11-6:1,
            EmitExpr {
                expr: Tuple {
                    items: [
                        Const {
                            value: 1,
                        } @ 6:4-6:5,
                    ],
                } @ 6:1-6:9,
            } @ 6:1-6:9,
            EmitRaw {
                raw: "\n",
            } @ 6:9-7:1,
            EmitExpr {
                expr: Tuple {
                    items: [
                        Const {
                            value: 1,
                        } @ 7:5-7:6,
                        Const {
                            value: 2,
                        } @ 7:8-7:9,
                        Const {
                            value: 3,
                        } @ 7:11-7:12,
                    ],
                } @ 7:1-7:17,
            } @ 7:1-7:17,
            EmitRaw {
                raw: "                 ",
            } @ 7:17-7:34,
            Comment @ 7:34-7:73,
            EmitRaw {
                raw: "\n",
            } @ 7:73-8:1,
            EmitExpr {
                expr: Tuple {
                    items: [
                        Tuple {
                            items: [
                                Const {
                                    value: 1,
                                } @ 8:7-8:8,
                                Const {
                                    value: 2,
                                } @ 8:10-8:11,
                            ],
                        } @ 8:6-8:12,
                        Tuple {
                            items: [
                                Const {
                                    value: 3,
                                } @ 8:15-8:16,
                                Const {
                                    value: 4,
                                } @ 8:18-8:19,
                            ],
                        } @ 8:14-8:20,
                    ],
                } @ 8:1-8:25,
            } @ 8:1-8:25,
            EmitRaw {
                raw: "         ",
            } @ 8:25-8:34,
            Comment @ 8:34-8:61,
            EmitRaw {
                raw: "\n",
            } @ 8:61-9:1,
            EmitExpr {
                expr: Tuple {
                    items: [
                        Const {
                            value: 'a',
                        } @ 9:5-9:8,
                        Const {
                            value: 42,
                        } @ 9:10-9:12,
                        Const {
                            value: true,
                        } @ 9:14-9:18,
                    ],
                } @ 9:1-9:22,
            } @ 9:1-9:22,
            EmitRaw {
                raw: "            ",
            } @ 9:22-9:34,
            Comment @ 9:34-9:67,
            EmitRaw {
                raw: "\n",
            } @ 9:67-10:1,
            EmitExpr {
                expr: Tuple {
                    items: [
                        BinOp {
                            op: Add,
                            left: Const {
                                value: 1,
                            } @ 10:5-10:6,
                            right: Const {
                                value: 2,
                            } @ 10:9-10:10,
                        } @ 10:5-10:10,
                        BinOp {
                            op: Mul,
                            left: Const {
                                value: 3,
                            } @ 10:12-10:13,
                            right: Const {
                                value: 4,
                            } @ 10:16-10:17,
                        } @ 10:12-10:17,
                    ],
                } @ 10:1-10:21,
            } @ 10:1-10:21,
            EmitRaw {
                raw: "             ",
            } @ 10:21-10:34,
            Comment @ 10:34-10:76,
            EmitRaw {
                raw: "\n",
            } @ 10:76-11:1,
            EmitExpr {
                expr: Tuple {
                    items: [
                        Tuple {
                            items: [
                                Const {
                                    value: 1,
                                } @ 11:6-11:7,
                            ],
                        } @ 11:5-11:9,
                    ],
                } @ 11:1-11:14,
            } @ 11:1-11:14,
            EmitRaw {
                raw: "                    ",
            } @ 11:14-11:34,
            Comment @ 11:34-11:82,
            EmitRaw {
                raw: "\n",
            } @ 11:82-12:1,
            EmitExpr {
                expr: List {
                    items: [
                        Tuple {
                            items: [
                                Const {
                                    value: 1,
                                } @ 12:7-12:8,
                                Const {
                                    value: 2,
                                } @ 12:10-12:11,
                            ],
                        } @ 12:6-12:12,
                        Tuple {
                            items: [],
                        } @ 12:14-12:16,
                    ],
                } @ 12:1-12:21,
            } @ 12:1-12:21,
            EmitRaw {
                raw: "             ",
            } @ 12:21-12:34,
            Comment @ 12:34-12:69,
            EmitRaw {
                raw: "\n",
            } @ 12:69-13:1,
            EmitExpr {
                expr: Tuple {
                    items: [
                        Const {
                            value: 'nested',
                        } @ 13:5-13:13,
                        Tuple {
                            items: [
                                Const {
                                    value: 'tuple',
                                } @ 13:16-13:23,
                                Const {
                                    value: 123,
                                } @ 13:25-13:28,
                            ],
                        } @ 13:15-13:29,
                        List {
                            items: [],
                        } @ 13:31-13:33,
                    ],
                } @ 13:1-13:37,
            } @ 13:1-13:37,
            EmitRaw {
                raw: "  ",
            } @ 13:37-13:39,
            Comment @ 13:39-13:69,
            EmitRaw {
                raw: "\n",
            } @ 13:69-14:1,
            EmitExpr {
                expr: Tuple {
                    items: [
                        Const {
                            value: 1,
                        } @ 14:5-14:6,
                        Const {
                            value: 2,
                        } @ 15:6-15:7,
                        Const {
                            value: 3,
                        } @ 16:6-16:7,
                    ],
                } @ 14:1-16:11,
            } @ 14:1-16:11,
            EmitRaw {
                raw: "                       ",
            } @ 16:11-16:34,
            Comment @ 16:34-16:72,
            EmitRaw {
                raw: "\n",
            } @ 16:72-17:1,
            EmitExpr {
                expr: Tuple {
                    items: [
                        Const {
                            value: 1,
                        } @ 17:5-17:6,
                        Const {
                            value: 2,
                        } @ 18:4-18:5,
                        Const {
                            value: 3,
                        } @ 18:8-18:9,
                    ],
                } @ 17:1-18:16,
            } @ 17:1-18:16,
            EmitRaw {
                raw: "                 ",
            } @ 18:16-18:33,
            Comment @ 18:33-18:75,
            EmitRaw {
                raw: "\n",
            } @ 18:75-19:1,
            EmitExpr {
                expr: Tuple {
                    items: [
                        Tuple {
                            items: [],
                        } @ 19:5-19:7,
                        Tuple {
                            items: [
                                Tuple {
                                    items: [],
                                } @ 19:10-19:12,
                            ],
                        } @ 19:9-19:14,
                        Tuple {
                            items: [
                                Tuple {
                                    items: [
                                        Tuple {
                                            items: [],
                                        } @ 19:18-19:20,
                                    ],
                                } @ 19:17-19:22,
                            ],
                        } @ 19:16-19:24,
                    ],
                } @ 19:1-19:29,
            } @ 19:1-19:29,
            EmitRaw {
                raw: "     ",
            } @ 19:29-19:34,
            Comment @ 19:34-19:74,
        ],
    } @ 1:1-19:74,
)
