---
source: fs/sa/crates/dbt-jinja/minijinja/tests/test_templates.rs
description: "{% for item in seq %}\n  {% if item is reallyEven %}\n    {{ item }}\n  {% endif %}\n{% endfor %}"
info:
  __minijinja_current_path: err_bad_test.txt
  __minijinja_current_span:
    end_col: 1
    end_line: 1
    end_offset: 0
    start_col: 1
    start_line: 1
    start_offset: 0
  seq:
    - 1
    - 2
    - 3
input_file: fs/sa/crates/dbt-jinja/minijinja/tests/inputs/err_bad_test.txt
---
!!!ERROR!!!

Error {
    kind: UnknownTest,
    detail: "test reallyEven is unknown",
    name: "err_bad_test.txt",
}

unknown test: test reallyEven is unknown
(in err_bad_test.txt:2:17)
