---
source: crates/dbt-jinja-utils/src/environment_builder.rs
expression: "\"some_macro in test_package\""
---
some_macro in test_package
