---
source: crates/jinja_utils/src/environment_builder.rs
expression: "\"default another_macro\""
---
default another_macro
