---
source: crates/jinja_utils/src/environment_builder.rs
expression: "\"one\""
---
one
